// Jest Snapshot v1, https://goo.gl/fbAQLP

exports[`Add Row Component Tests Snapshot test 1`] = `
<div
  class="add-row"
>
  <button
    class="add-row-button"
  >
    <svgicon
      height="1.7rem"
      name="add-row"
      original="true"
      width="1.7rem"
    />
  </button>
</div>
`;
